// Jest Snapshot v1, https://goo.gl/fbAQLP

exports[`renders correctly 1`] = `
<div>
  <button
    className="w-72 h-10 rounded-md text-xs sm:text-base lg:text-xl font-poppins font-regular bg-Accent text-NeutralBlack dark:text-NeutralWhite uppercase   dark:bg-Dark_Accent dark:hover:bg-[#3E4E68]  hover:bg-[#879AB8] hover:text-NeutralWhite hover:scale-105 duration-500"
    data-testid="booking-button"
  >
    <a
      href="/booking"
      onClick={[Function]}
      onMouseEnter={[Function]}
      onTouchStart={[Function]}
    >
      Book An Appointment
    </a>
  </button>
</div>
`;
