// Jest Snapshot v1, https://goo.gl/fbAQLP

exports[`renders correctly 1`] = `
<footer
  className=" px-10 py-5 bg-Accent dark:bg-Dark_Primary text-base-content flex flex-col md:flex-row lg:flex-row md:justify-between items-center"
>
  <div
    className="flex flex-col"
  >
    <header
      className="font-bold text-xl mb-[0.15rem] text-NeutralBlack dark:text-NeutralWhite"
    >
      Subscribe
    </header>
    <label
      className="label"
    >
      <span
        className="label-text mb-[0.5rem] text-NeutralBlack dark:text-NeutralWhite"
      >
        We promise to never spam you, or share your email.
      </span>
    </label>
    <form>
      <fieldset
        className="form-control w-96 mt-2"
      >
        <div
          className="relative flex flex-row mr-[-2rem]"
        >
          <input
            className="input input-bordered cursor-text border-[#718096] border-solid w-4/5 outline-none focus:outline-none"
            onChange={[Function]}
            onKeyDown={[Function]}
            placeholder="Enter your e-mail"
            type="text"
            value=""
          />
          <span
            className="w-20 -ml-2 cursor-pointer"
            onClick={[Function]}
          >
            <svg
              fill="none"
              viewBox="0 0 100 100"
              width="100%"
              xmlns="http://www.w3.org/2000/svg"
            >
              <path
                d="M1 1H54C56.7614 1 59 3.23858 59 6V54C59 56.7614 56.7614 59 54 59H1V1Z"
                fill="#99B4DF"
                id="subscribe"
                stroke="#718096"
                strokeWidth="2"
              />
              <path
                d="M29.6327 30.3673L25.0421 32.5401C24.5997 32.7861 24.053 32.7438 23.6538 32.4325L17.4862 27.7498C16.6922 27.1308 16.9078 25.8769 17.8628 25.5585L40.3377 18.0669C41.3237 17.7382 42.2618 18.6763 41.9331 19.6623L34.4415 42.1372C34.1231 43.0922 32.8691 43.3078 32.2502 42.5138L27.5675 36.3462C27.2562 35.947 27.2139 35.4003 27.4599 34.9579L29.6327 30.3673Z"
                fill="#1A1A1A"
              />
               
            </svg>
          </span>
        </div>
      </fieldset>
    </form>
  </div>
  <div
    className=" items-center flex flex-col justify-center h-full text-NeutralBlack dark:text-NeutralWhite"
  >
    <div
      className="flex flex-col md:flex-row items-center justify-between"
    >
      <nav
        className="footer-title flex gap-8 font-base my-4 text-NeutralBlack dark:text-NeutralWhite md:font-medium lg:font-medium "
      >
        <a
          className=" "
          href="/"
          onClick={[Function]}
          onMouseEnter={[Function]}
          onTouchStart={[Function]}
        >
          Home
        </a>
        <a
          className=" "
          href="../blogs"
          onClick={[Function]}
          onMouseEnter={[Function]}
          onTouchStart={[Function]}
        >
          Blogs
        </a>
        <a
          className=" "
          href="../about"
          onClick={[Function]}
          onMouseEnter={[Function]}
          onTouchStart={[Function]}
        >
          About
        </a>
        <a
          className=" "
          href="../contact"
          onClick={[Function]}
          onMouseEnter={[Function]}
          onTouchStart={[Function]}
        >
          Contact
        </a>
        <a
          className=" "
          href="../careers"
          onClick={[Function]}
          onMouseEnter={[Function]}
          onTouchStart={[Function]}
        >
          Careers
        </a>
      </nav>
    </div>
    <div
      className="flex flex-row"
    >
      <div
        className="grid grid-flow-col gap-4 mt-5 mx-4"
      >
        <a
          href=""
        >
          <svg
            fill="none"
            height="35"
            viewBox="0 0 35 35"
            width="35"
            xmlns="http://www.w3.org/2000/svg"
          >
            <path
              d="M29.2578 4.62682C30.9347 4.28241 32.5884 3.39473 32.5884 3.39473C33.3256 3.04856 33.6012 3.31906 33.2037 4.01651C33.2037 4.01651 32.2112 6.07413 30.6949 7.02984C32.1797 6.84341 33.52 6.29924 33.52 6.29924C34.2926 6.0365 34.5007 6.66055 33.9952 7.29167C33.9952 7.29167 32.6842 9.11819 31.25 10.2083C31.2624 10.538 31.2682 10.4798 31.2682 10.8164C31.2682 22.4922 25.3761 32.8125 10.3789 32.8125C4.74279 32.8125 1.72544 30.5762 1.72544 30.5762C0.269777 29.8354 0.435023 28.9706 2.05229 28.7287C2.05229 28.7287 7.48179 28.2115 9.99381 26.1372C-4.37503 18.9583 1.48563 5.05932 1.48563 5.05932C1.54196 4.25827 2.09591 4.05424 2.68917 4.61642C2.68917 4.61642 9.15627 11.3561 16.7492 11.6789C16.6231 11.1127 16.5601 10.525 16.5601 9.91857C16.5601 5.64926 19.8479 2.1875 23.8993 2.1875C26.0129 2.1875 27.922 3.12555 29.2578 4.62682Z"
              fill="#1A1A1A"
            />
          </svg>
        </a>
        <a
          href=""
        >
          <svg
            fill="none"
            height="35"
            viewBox="0 0 35 35"
            width="35"
            xmlns="http://www.w3.org/2000/svg"
          >
            <path
              d="M1.45837 17.5389C1.45837 8.65781 8.64047 1.45825 17.5 1.45825C26.3596 1.45825 33.5417 8.65781 33.5417 17.5389C33.5417 25.8821 27.2033 32.7413 19.0902 33.5416C19.1336 33.5339 19.1769 33.5258 19.2202 33.517V22.155H23.3908L24.0148 17.3012H19.2202V14.2023C19.2202 12.7969 19.6093 11.8395 21.6199 11.8395L24.1837 11.8382V7.49707C23.7402 7.43772 22.2185 7.30577 20.4476 7.30577C16.7511 7.30577 14.22 9.56756 14.22 13.7218V17.3012H10.0388V22.155H14.22V33.2832C6.93355 31.7655 1.45837 25.2932 1.45837 17.5389Z"
              fill="#1A1A1A"
            />
          </svg>
        </a>
        <a
          href=""
        >
          <svg
            fill="none"
            height="33"
            viewBox="0 0 33 33"
            width="33"
            xmlns="http://www.w3.org/2000/svg"
          >
            <path
              d="M16.7259 13.3233V18.6751C16.7259 19.2279 17.1737 19.6759 17.7266 19.6752C19.597 19.6727 23.6064 19.6678 25.5202 19.6678C24.1419 23.787 21.9994 26.0297 16.7259 26.0297C11.3888 26.0297 7.22328 21.763 7.22328 16.4993C7.22328 11.2368 11.3888 6.97012 16.7259 6.97012C19.5473 6.97012 21.3699 7.9484 23.0415 9.3115C24.3792 7.99213 24.2675 7.80347 27.6716 4.6325C24.7816 2.03874 20.9409 0.458252 16.7259 0.458252C7.74238 0.458252 0.458374 7.6398 0.458374 16.4993C0.458374 25.3588 7.74238 32.5416 16.7259 32.5416C30.1541 32.5416 33.4363 21.0109 32.3486 13.3233H16.7259Z"
              fill="#1A1A1A"
            />
          </svg>
        </a>
      </div>
      <div
        className="flex flex-wrap  items-center"
      >
        <h1
          className="text-6xl mb-5"
        >
          |
        </h1>
        <div
          className="mb-2 px-3 "
        >
          <div
            className="relative inline-block text-base rounded-md"
          >
            <button
              aria-expanded={false}
              aria-haspopup="listbox"
              aria-label="Select Language"
              onClick={[Function]}
            >
              <svg
                className="inline-block w-5 h-5 mr-2"
                fill="currentColor"
                height="1em"
                stroke="currentColor"
                strokeWidth="0"
                style={
                  Object {
                    "color": undefined,
                  }
                }
                viewBox="0 0 16 16"
                width="1em"
                xmlns="http://www.w3.org/2000/svg"
              >
                <path
                  d="M0 8a8 8 0 1 1 16 0A8 8 0 0 1 0 8zm7.5-6.923c-.67.204-1.335.82-1.887 1.855A7.97 7.97 0 0 0 5.145 4H7.5V1.077zM4.09 4a9.267 9.267 0 0 1 .64-1.539 6.7 6.7 0 0 1 .597-.933A7.025 7.025 0 0 0 2.255 4H4.09zm-.582 3.5c.03-.877.138-1.718.312-2.5H1.674a6.958 6.958 0 0 0-.656 2.5h2.49zM4.847 5a12.5 12.5 0 0 0-.338 2.5H7.5V5H4.847zM8.5 5v2.5h2.99a12.495 12.495 0 0 0-.337-2.5H8.5zM4.51 8.5a12.5 12.5 0 0 0 .337 2.5H7.5V8.5H4.51zm3.99 0V11h2.653c.187-.765.306-1.608.338-2.5H8.5zM5.145 12c.138.386.295.744.468 1.068.552 1.035 1.218 1.65 1.887 1.855V12H5.145zm.182 2.472a6.696 6.696 0 0 1-.597-.933A9.268 9.268 0 0 1 4.09 12H2.255a7.024 7.024 0 0 0 3.072 2.472zM3.82 11a13.652 13.652 0 0 1-.312-2.5h-2.49c.062.89.291 1.733.656 2.5H3.82zm6.853 3.472A7.024 7.024 0 0 0 13.745 12H11.91a9.27 9.27 0 0 1-.64 1.539 6.688 6.688 0 0 1-.597.933zM8.5 12v2.923c.67-.204 1.335-.82 1.887-1.855.173-.324.33-.682.468-1.068H8.5zm3.68-1h2.146c.365-.767.594-1.61.656-2.5h-2.49a13.65 13.65 0 0 1-.312 2.5zm2.802-3.5a6.959 6.959 0 0 0-.656-2.5H12.18c.174.782.282 1.623.312 2.5h2.49zM11.27 2.461c.247.464.462.98.64 1.539h1.835a7.024 7.024 0 0 0-3.072-2.472c.218.284.418.598.597.933zM10.855 4a7.966 7.966 0 0 0-.468-1.068C9.835 1.897 9.17 1.282 8.5 1.077V4h2.355z"
                />
              </svg>
            </button>
            <div
              className="absolute bottom-10 w-36"
              style={
                Object {
                  "display": "none",
                }
              }
            >
              <ul
                className="dropdown menu py-2 bg-NeutralWhite dark:bg-Dark_Primary rounded-md "
              >
                <li>
                  <a
                    className="block px-3 py-2 text-NeutralBlack dark:text-NeutralWhite "
                    href="/en"
                    onClick={[Function]}
                  >
                    English
                  </a>
                </li>
                <li>
                  <a
                    className="block px-3 py-2 text-NeutralBlack dark:text-NeutralWhite"
                    href="/ar"
                    onClick={[Function]}
                  >
                    العربية
                  </a>
                </li>
                <li>
                  <a
                    className="block px-3 py-2 text-NeutralBlack dark:text-NeutralWhite"
                    href="/fr"
                    onClick={[Function]}
                  >
                    French
                  </a>
                </li>
              </ul>
            </div>
          </div>
        </div>
        <div
          className="mb-2 px-3"
        >
          <div
            className="bg-DarkWhite dark:bg-EnglishViolet"
            onClick={[Function]}
          >
            <label
              className="toggle"
              htmlFor="switch"
            >
              <div
                className="icon iconMoon checked"
              >
                <svg
                  fill="currentColor"
                  height="20"
                  viewBox="0 0 24 24"
                  width="20"
                  xmlns="http://www.w3.org/2000/svg"
                >
                  <path
                    clipRule="evenodd"
                    d="M9.528 1.718a.75.75 0 01.162.819A8.97 8.97 0 009 6a9 9 0 009 9 8.97 8.97 0 003.463-.69.75.75 0 01.981.98 10.503 10.503 0 01-9.694 6.46c-5.799 0-10.5-4.701-10.5-10.5 0-4.368 2.667-8.112 6.46-9.694a.75.75 0 01.818.162z"
                    fillRule="evenodd"
                  />
                </svg>
              </div>
              <div
                className="icon iconSun"
              >
                <svg
                  fill="currentColor"
                  height="20"
                  viewBox="0 0 24 24"
                  width="20"
                  xmlns="http://www.w3.org/2000/svg"
                >
                  <path
                    d="M12 2.25a.75.75 0 01.75.75v2.25a.75.75 0 01-1.5 0V3a.75.75 0 01.75-.75zM7.5 12a4.5 4.5 0 119 0 4.5 4.5 0 01-9 0zM18.894 6.166a.75.75 0 00-1.06-1.06l-1.591 1.59a.75.75 0 101.06 1.061l1.591-1.59zM21.75 12a.75.75 0 01-.75.75h-2.25a.75.75 0 010-1.5H21a.75.75 0 01.75.75zM17.834 18.894a.75.75 0 001.06-1.06l-1.59-1.591a.75.75 0 10-1.061 1.06l1.59 1.591zM12 18a.75.75 0 01.75.75V21a.75.75 0 01-1.5 0v-2.25A.75.75 0 0112 18zM7.758 17.303a.75.75 0 00-1.061-1.06l-1.591 1.59a.75.75 0 001.06 1.061l1.591-1.59zM6 12a.75.75 0 01-.75.75H3a.75.75 0 010-1.5h2.25A.75.75 0 016 12zM6.697 7.757a.75.75 0 001.06-1.06l-1.59-1.591a.75.75 0 00-1.061 1.06l1.59 1.591z"
                  />
                </svg>
              </div>
            </label>
          </div>
        </div>
      </div>
    </div>
  </div>
</footer>
`;
