// Jest Snapshot v1, https://goo.gl/fbAQLP

exports[`renders correctly 1`] = `
<div
  className="navbar h-8 sticky top-0 z-10 bg-white backdrop-filter backdrop-blur-lg bg-opacity-30 border-b-slate-400"
>
  <div
    className="navbar-start"
  >
    <div
      className="dropdown"
    >
      <label
        className="btn btn-ghost md:pl-6 lg:hidden"
        tabIndex={0}
      >
        <svg
          className="h-5 w-5"
          fill="none"
          stroke="currentColor"
          viewBox="0 0 24 24"
          xmlns="http://www.w3.org/2000/svg"
        >
          <path
            d="M4 6h16M4 12h8m-8 6h16"
            strokeLinecap="round"
            strokeLinejoin="round"
            strokeWidth="2"
          />
        </svg>
      </label>
      <ul
        className="menu menu-sm dropdown-content -ml-2 p-2 shadow w-28 mt-2 bg-Primary"
        tabIndex={0}
      >
        <li
          className="text-Accent font-bold underline font-poppins"
        >
          <a
            href="/"
            onClick={[Function]}
            onMouseEnter={[Function]}
            onTouchStart={[Function]}
          >
            Home
          </a>
        </li>
        <li
          className="text-NeutralBlack font-semibold font-poppins"
        >
          <a
            href="/blogs"
            onClick={[Function]}
            onMouseEnter={[Function]}
            onTouchStart={[Function]}
          >
            Blogs
          </a>
        </li>
        <li
          className="text-NeutralBlack font-semibold font-poppins"
        >
          <a
            href="/about"
            onClick={[Function]}
            onMouseEnter={[Function]}
            onTouchStart={[Function]}
          >
            About
          </a>
        </li>
        <li
          className="text-NeutralBlack font-semibold font-poppins"
        >
          <a
            href="/contact"
            onClick={[Function]}
            onMouseEnter={[Function]}
            onTouchStart={[Function]}
          >
            Contact
          </a>
        </li>
      </ul>
    </div>
    <div
      className="logo-container lg:px-6"
    >
      <a
        href="/"
        onClick={[Function]}
        onMouseEnter={[Function]}
        onTouchStart={[Function]}
      >
        <img
          alt="Logo"
          data-nimg="1"
          decoding="async"
          height={60}
          loading="lazy"
          onError={[Function]}
          onLoad={[Function]}
          src="/_next/image?url=%2Fimg.jpg&w=256&q=75"
          srcSet="/_next/image?url=%2Fimg.jpg&w=128&q=75 1x, /_next/image?url=%2Fimg.jpg&w=256&q=75 2x"
          style={
            Object {
              "color": "transparent",
            }
          }
          width={120}
        />
      </a>
    </div>
  </div>
  <div
    className="flex justify-between ml-auto"
  >
    <div
      className="bg-DarkWhite dark:bg-EnglishViolet"
      onClick={[Function]}
    >
      <label
        className="toggle"
        htmlFor="switch"
      >
        <div
          className="icon iconMoon checked"
        >
          <svg
            fill="currentColor"
            height="20"
            viewBox="0 0 24 24"
            width="20"
            xmlns="http://www.w3.org/2000/svg"
          >
            <path
              clipRule="evenodd"
              d="M9.528 1.718a.75.75 0 01.162.819A8.97 8.97 0 009 6a9 9 0 009 9 8.97 8.97 0 003.463-.69.75.75 0 01.981.98 10.503 10.503 0 01-9.694 6.46c-5.799 0-10.5-4.701-10.5-10.5 0-4.368 2.667-8.112 6.46-9.694a.75.75 0 01.818.162z"
              fillRule="evenodd"
            />
          </svg>
        </div>
        <div
          className="icon iconSun"
        >
          <svg
            fill="currentColor"
            height="20"
            viewBox="0 0 24 24"
            width="20"
            xmlns="http://www.w3.org/2000/svg"
          >
            <path
              d="M12 2.25a.75.75 0 01.75.75v2.25a.75.75 0 01-1.5 0V3a.75.75 0 01.75-.75zM7.5 12a4.5 4.5 0 119 0 4.5 4.5 0 01-9 0zM18.894 6.166a.75.75 0 00-1.06-1.06l-1.591 1.59a.75.75 0 101.06 1.061l1.591-1.59zM21.75 12a.75.75 0 01-.75.75h-2.25a.75.75 0 010-1.5H21a.75.75 0 01.75.75zM17.834 18.894a.75.75 0 001.06-1.06l-1.59-1.591a.75.75 0 10-1.061 1.06l1.59 1.591zM12 18a.75.75 0 01.75.75V21a.75.75 0 01-1.5 0v-2.25A.75.75 0 0112 18zM7.758 17.303a.75.75 0 00-1.061-1.06l-1.591 1.59a.75.75 0 001.06 1.061l1.591-1.59zM6 12a.75.75 0 01-.75.75H3a.75.75 0 010-1.5h2.25A.75.75 0 016 12zM6.697 7.757a.75.75 0 001.06-1.06l-1.59-1.591a.75.75 0 00-1.061 1.06l1.59 1.591z"
            />
          </svg>
        </div>
      </label>
    </div>
    <div
      className="navbar-center hidden lg:flex"
    >
      <ul
        className="menu menu-horizontal"
      >
        <li
          className="text-Accent font-bold underline font-poppins text-base tracking-wider"
        >
          <a
            href="/"
            onClick={[Function]}
            onMouseEnter={[Function]}
            onTouchStart={[Function]}
          >
            Home
          </a>
        </li>
        <li
          className="text-NeutralBlack font-semibold font-poppins text-base tracking-wider "
        >
          <a
            href="/blogs"
            onClick={[Function]}
            onMouseEnter={[Function]}
            onTouchStart={[Function]}
          >
            Blogs
          </a>
        </li>
        <li
          className="text-NeutralBlack font-semibold font-poppins text-base tracking-wider "
        >
          <a
            href="/about"
            onClick={[Function]}
            onMouseEnter={[Function]}
            onTouchStart={[Function]}
          >
            About
          </a>
        </li>
        <li
          className="text-NeutralBlack font-semibold font-poppins text-base tracking-wider"
        >
          <a
            href="/contact"
            onClick={[Function]}
            onMouseEnter={[Function]}
            onTouchStart={[Function]}
          >
            Contact
          </a>
        </li>
      </ul>
    </div>
    <button
      className="button-container w-28 h-9 mx-4 md:mr-8 md:w-40 bg-Accent hover:bg-Primary rounded-md"
    >
      <a
        className="text-base tracking-wider text-NeutralBlack font-extrabold font-poppins"
        href="/login"
        onClick={[Function]}
        onMouseEnter={[Function]}
        onTouchStart={[Function]}
        style={
          Object {
            "textTransform": "capitalize",
          }
        }
      >
        Log In
      </a>
    </button>
  </div>
</div>
`;
