// Jest Snapshot v1, https://goo.gl/fbAQLP

exports[`renders correctly 1`] = `
<div
  className="bg-NeutralWhite min-w-screen min-h-screen"
>
  <div
    className="w-full h-full px-8 lg:px-20 bg-NeutralWhite"
  >
    <div
      className="mb-3 pt-12 font-ogg font-bold text-NeutralBlack capitalize text-2xl lg:text-4xl leading-normal"
    >
      lets match you with the right therapist
    </div>
    <div
      className="font-poppins font-regular text-justify text-NeutralBlack text-base lg:text-lg leading-relaxed"
    >
      Please fill out this short questionnaire to provide some general and anonymous background about you and the issues youd like to deal with in online therapy. It would help us match you with the most suitable therapist for you.
       
    </div>
    <div
      className="flex flex-col bg-NeutralWhite lg:w-1/2 lg:h-1/2 sm:w-full sm:h-[80%] sm:leading-tight mx-auto mt-14 shadow-[4.0px_8.0px_8.0px_rgba(0,0,0,0.42)] rounded-lg relative"
    >
      <h3
        className="py-5 px-4 lg:py-10 lg:px-11 leading-normal text-NeutralBlack lg:text-2xl text-2xl font-regular font-poppins capitalize "
      >
        What is your relationship status?
      </h3>
      <div
        className=" px-3 mx-5  mt-1 lg:px-6 group"
      >
        <h3
          className="rounded-md py-4 shadow-[rgba(0,_0,_0,_0.24)_0px_3px_8px] pl-2 lg:pl-5 lg:py-5 cursor-pointer text-NeutralBlack  group-hover:text-NeutralWhite group-hover:bg-Accent group-hover:scale-105 duration-300 text-lg lg:text-xl font-regular font-poppins capitalize"
          onClick={[Function]}
        >
          single
        </h3>
      </div>
      <div
        className=" px-3 mx-5  lg:px-6 mt-1 lg:mt-2  group"
      >
        <h3
          className="rounded-md py-4 shadow-[rgba(0,_0,_0,_0.24)_0px_3px_8px] pl-2 lg:pl-5 lg:py-5 cursor-pointer text-NeutralBlack  group-hover:text-NeutralWhite group-hover:bg-Accent group-hover:scale-105 duration-300 text-lg lg:text-xl font-regular font-poppins capitalize"
          onClick={[Function]}
        >
          Married
        </h3>
      </div>
      <div
        className="px-3 mx-5  lg:px-6 mt-1 lg:mt-2  group"
      >
        <h3
          className=" rounded-md py-4 shadow-[rgba(0,_0,_0,_0.24)_0px_3px_8px] pl-2 lg:pl-5 lg:py-5 cursor-pointer text-NeutralBlack  group-hover:text-NeutralWhite group-hover:bg-Accent group-hover:scale-105 duration-300 text-lg lg:text-xl font-regular font-poppins capitalize"
          onClick={[Function]}
        >
          Divorced
        </h3>
      </div>
      <div
        className="flex justify-between "
      >
        <div
          className=" pl-6 py-10 lg:py-10 lg:pl-11 group "
        >
          <button
            className="w-28 h-10 rounded-md text-base font-poppins font-regular bg-Accent text-NeutralBlack group-hover:bg-[#879AB8] group-hover:text-NeutralWhite group-hover:scale-105 duration-500"
          >
            Previous
          </button>
        </div>
        <div
          className=" pr-6 py-10 lg:py-10 lg:pr-11 group "
        >
          <button
            className="w-28 h-10 rounded-md text-base font-poppins font-regular bg-Accent text-NeutralBlack group-hover:bg-[#879AB8] group-hover:text-NeutralWhite group-hover:scale-105 duration-500"
            onClick={[Function]}
          >
            Next
          </button>
        </div>
      </div>
    </div>
  </div>
</div>
`;
