// Jest Snapshot v1, https://goo.gl/fbAQLP

exports[`renders correctly 1`] = `
<div
  className="bg-NeutralWhite dark:bg-Dark_Accent min-w-screen mb-12"
>
  <div
    className="w-full h-full px-8 lg:px-20 bg-NeutralWhite dark:bg-Dark_Accent"
  >
    <div
      className="mb-3 pt-6 font-ogg font-bold text-NeutralBlack dark:text-NeutralWhite uppercase text-2xl lg:text-4xl leading-normal"
    >
      Let's match you with the right therapist
    </div>
    <div
      className="font-poppins font-regular text-justify text-NeutralBlack dark:text-NeutralWhite text-base lg:text-lg leading-relaxed"
    >
      Please fill out this short questionnaire to provide some general and anonymous background about you and the issues you'd like to deal with in online therapy. It would help us match you with the most suitable therapist for you.
       
    </div>
    <div
      className="flex flex-col bg-NeutralWhite dark:bg-Dark_Accent lg:w-3/5 lg:h-1/2 sm:w-full sm:h-[80%] sm:leading-tight mx-auto mt-14 shadow-[4.0px_8.0px_8.0px_rgba(0,0,0,0.42)] rounded-lg relative"
    >
      <h3
        className="py-5 px-4 lg:py-10 lg:px-11 leading-normal text-NeutralBlack dark:text-NeutralWhite text-xl lg:text-2xl font-regular font-poppins capitalize"
      >
        Are there any issues you would like to focus on?
      </h3>
      <div
        className="flex flex-col"
      >
        <div>
           
          <label>
            <div
              className="checkbox-wrapper mb-[0.125rem] block min-h-[1.5rem] pl-11 py-2"
            >
              <label
                className="md:px-6 md:mx-10 group"
              >
                <input
                  checked={false}
                  className="appearance-none relative h-[1.30rem] w-[1.30rem] rounded-md border-[0.125rem] border-solid border-slate-500 checked:after:absolute checked:after:-mt-px checked:after:ml-[0.35rem] checked:after:block checked:after:h-[1rem] checked:after:w-[0.375rem] checked:after:rotate-45 checked:after:border-[0.125rem] checked:after:border-l-0 checked:after:border-t-0 checked:after:border-solid checked:after:bg-transparent hover:cursor-pointer focus:before:opacity-[0] checked:bg-Accent dark:checked:border-Dark_Primary dark:checked:bg-Dark_Primary"
                  onChange={[Function]}
                  type="checkbox"
                />
                <span
                  className="px-2 text-NeutralBlack dark:text-NeutralWhite text-xl font-normal font-poppins capitalize"
                >
                  Depression
                </span>
              </label>
            </div>
          </label>
        </div>
        <div>
           
          <label>
            <div
              className="checkbox-wrapper mb-[0.125rem] block min-h-[1.5rem] pl-11 py-2"
            >
              <label
                className="md:px-6 md:mx-10 group"
              >
                <input
                  checked={false}
                  className="appearance-none relative h-[1.30rem] w-[1.30rem] rounded-md border-[0.125rem] border-solid border-slate-500 checked:after:absolute checked:after:-mt-px checked:after:ml-[0.35rem] checked:after:block checked:after:h-[1rem] checked:after:w-[0.375rem] checked:after:rotate-45 checked:after:border-[0.125rem] checked:after:border-l-0 checked:after:border-t-0 checked:after:border-solid checked:after:bg-transparent hover:cursor-pointer focus:before:opacity-[0] checked:bg-Accent dark:checked:border-Dark_Primary dark:checked:bg-Dark_Primary"
                  onChange={[Function]}
                  type="checkbox"
                />
                <span
                  className="px-2 text-NeutralBlack dark:text-NeutralWhite text-xl font-normal font-poppins capitalize"
                >
                  Stress and Anxiety
                </span>
              </label>
            </div>
          </label>
        </div>
        <div>
           
          <label>
            <div
              className="checkbox-wrapper mb-[0.125rem] block min-h-[1.5rem] pl-11 py-2"
            >
              <label
                className="md:px-6 md:mx-10 group"
              >
                <input
                  checked={false}
                  className="appearance-none relative h-[1.30rem] w-[1.30rem] rounded-md border-[0.125rem] border-solid border-slate-500 checked:after:absolute checked:after:-mt-px checked:after:ml-[0.35rem] checked:after:block checked:after:h-[1rem] checked:after:w-[0.375rem] checked:after:rotate-45 checked:after:border-[0.125rem] checked:after:border-l-0 checked:after:border-t-0 checked:after:border-solid checked:after:bg-transparent hover:cursor-pointer focus:before:opacity-[0] checked:bg-Accent dark:checked:border-Dark_Primary dark:checked:bg-Dark_Primary"
                  onChange={[Function]}
                  type="checkbox"
                />
                <span
                  className="px-2 text-NeutralBlack dark:text-NeutralWhite text-xl font-normal font-poppins capitalize"
                >
                  Relationship issues
                </span>
              </label>
            </div>
          </label>
        </div>
        <div>
           
          <label>
            <div
              className="checkbox-wrapper mb-[0.125rem] block min-h-[1.5rem] pl-11 py-2"
            >
              <label
                className="md:px-6 md:mx-10 group"
              >
                <input
                  checked={false}
                  className="appearance-none relative h-[1.30rem] w-[1.30rem] rounded-md border-[0.125rem] border-solid border-slate-500 checked:after:absolute checked:after:-mt-px checked:after:ml-[0.35rem] checked:after:block checked:after:h-[1rem] checked:after:w-[0.375rem] checked:after:rotate-45 checked:after:border-[0.125rem] checked:after:border-l-0 checked:after:border-t-0 checked:after:border-solid checked:after:bg-transparent hover:cursor-pointer focus:before:opacity-[0] checked:bg-Accent dark:checked:border-Dark_Primary dark:checked:bg-Dark_Primary"
                  onChange={[Function]}
                  type="checkbox"
                />
                <span
                  className="px-2 text-NeutralBlack dark:text-NeutralWhite text-xl font-normal font-poppins capitalize"
                >
                  Family conflicts
                </span>
              </label>
            </div>
          </label>
        </div>
        <div>
           
          <label>
            <div
              className="checkbox-wrapper mb-[0.125rem] block min-h-[1.5rem] pl-11 py-2"
            >
              <label
                className="md:px-6 md:mx-10 group"
              >
                <input
                  checked={false}
                  className="appearance-none relative h-[1.30rem] w-[1.30rem] rounded-md border-[0.125rem] border-solid border-slate-500 checked:after:absolute checked:after:-mt-px checked:after:ml-[0.35rem] checked:after:block checked:after:h-[1rem] checked:after:w-[0.375rem] checked:after:rotate-45 checked:after:border-[0.125rem] checked:after:border-l-0 checked:after:border-t-0 checked:after:border-solid checked:after:bg-transparent hover:cursor-pointer focus:before:opacity-[0] checked:bg-Accent dark:checked:border-Dark_Primary dark:checked:bg-Dark_Primary"
                  onChange={[Function]}
                  type="checkbox"
                />
                <span
                  className="px-2 text-NeutralBlack dark:text-NeutralWhite text-xl font-normal font-poppins capitalize"
                >
                  Trauma and abuse
                </span>
              </label>
            </div>
          </label>
        </div>
        <div>
           
          <label>
            <div
              className="checkbox-wrapper mb-[0.125rem] block min-h-[1.5rem] pl-11 py-2"
            >
              <label
                className="md:px-6 md:mx-10 group"
              >
                <input
                  checked={false}
                  className="appearance-none relative h-[1.30rem] w-[1.30rem] rounded-md border-[0.125rem] border-solid border-slate-500 checked:after:absolute checked:after:-mt-px checked:after:ml-[0.35rem] checked:after:block checked:after:h-[1rem] checked:after:w-[0.375rem] checked:after:rotate-45 checked:after:border-[0.125rem] checked:after:border-l-0 checked:after:border-t-0 checked:after:border-solid checked:after:bg-transparent hover:cursor-pointer focus:before:opacity-[0] checked:bg-Accent dark:checked:border-Dark_Primary dark:checked:bg-Dark_Primary"
                  onChange={[Function]}
                  type="checkbox"
                />
                <span
                  className="px-2 text-NeutralBlack dark:text-NeutralWhite text-xl font-normal font-poppins capitalize"
                >
                  Eating disorders
                </span>
              </label>
            </div>
          </label>
        </div>
      </div>
      <div
        className="flex justify-between "
      >
        <div
          className=" px-6 py-10 lg:py-10 lg:px-11 group "
        >
          <button
            className="w-28 h-10 rounded-md text-base font-poppins font-regular bg-Accent text-NeutralBlack dark:text-NeutralWhite dark:bg-Dark_Primary dark:hover:bg-[#3E4E68]  hover:bg-[#879AB8] hover:text-NeutralWhite hover:scale-105 duration-500"
          >
            Previous
          </button>
        </div>
        <div
          className=" px-6 py-10 lg:py-10 lg:px-11 group "
        >
          <button
            className="w-28 h-10 rounded-md text-base font-poppins font-regular bg-Accent text-NeutralBlack dark:text-NeutralWhite dark:bg-Dark_Primary dark:hover:bg-[#3E4E68]  hover:bg-[#879AB8] hover:text-NeutralWhite hover:scale-105 duration-500"
            onClick={[Function]}
          >
            Next
          </button>
        </div>
      </div>
    </div>
  </div>
</div>
`;
